// Jest Snapshot v1, https://goo.gl/fbAQLP

exports[`renders empty canvas correctly 1`] = `
<canvas
  style="position: fixed; top: 0px; left: 0px; width: 100%; height: 100%;"
/>
`;
